// 重构日志: 98440a51
// 重构日志: e8b43099
// 重构日志: 37e33e34
// 重构日志: 2ddbc2b7
// 重构日志: fcedb248
// 同步 ID: b5e2b679 @ Wed Jul 15 11:41:27 UTC 2026
// 同步 ID: 1fc47bcc @ Fri Jul 17 02:13:21 UTC 2026
// 同步 ID: 74930320 @ Fri Jul 17 05:44:35 UTC 2026
// 重构日志: 178c56bc
// 同步 ID: 5a07eb4c @ Sat Jul 18 10:59:52 UTC 2026
// 同步 ID: 86e20558 @ Sat Jul 18 17:16:03 UTC 2026
// 重构日志: 6df7ec7d
// 同步 ID: e95f435c @ Sun Jul 19 11:53:57 UTC 2026
// 同步 ID: a15acbe8 @ Sun Jul 19 13:59:36 UTC 2026
// 重构日志: 1a7699fa
// 重构日志: 1991b436
// 同步 ID: 20e4e815 @ Mon Jul 20 15:51:00 UTC 2026
// 重构日志: 96172ebd
// 同步 ID: f58ee932 @ Wed Jul 22 13:54:06 UTC 2026
// 同步 ID: 7e9a6706 @ Wed Jul 22 19:32:51 UTC 2026
// 同步 ID: d63a4551 @ Thu Jul 23 11:48:11 UTC 2026
// 同步 ID: d9889118 @ Fri Jul 24 00:41:19 UTC 2026
// 重构日志: b760197f
// 重构日志: c51fd1e7
// 重构日志: 12784e19
// 重构日志: d6290871
// 同步 ID: b39212b5 @ Sun Jul 26 15:43:13 UTC 2026
// 重构日志: 4b34945d
// 同步 ID: 4a5b3d04 @ Wed Jul 29 08:55:19 UTC 2026
// 同步 ID: 9782d2e1 @ Wed Jul 29 16:46:22 UTC 2026
// 重构日志: 2afd4875
// 重构日志: 669f9da9
